Archive member included to satisfy reference by file (symbol)

d:/st/stm32cubeide_1.3.0/stm32cubeide/plugins/com.st.stm32cube.ide.mcu.externaltools.gnu-tools-for-stm32.7-2018-q2-update.win32_1.5.0.202011040924/tools/bin/../lib/gcc/arm-none-eabi/7.3.1/../../../../arm-none-eabi/lib/thumb/v7e-m/fpv4-sp/hard\libc_nano.a(lib_a-errno.o)
                              Core/Src/syscalls.o (__errno)
d:/st/stm32cubeide_1.3.0/stm32cubeide/plugins/com.st.stm32cube.ide.mcu.externaltools.gnu-tools-for-stm32.7-2018-q2-update.win32_1.5.0.202011040924/tools/bin/../lib/gcc/arm-none-eabi/7.3.1/../../../../arm-none-eabi/lib/thumb/v7e-m/fpv4-sp/hard\libc_nano.a(lib_a-exit.o)
                              d:/st/stm32cubeide_1.3.0/stm32cubeide/plugins/com.st.stm32cube.ide.mcu.externaltools.gnu-tools-for-stm32.7-2018-q2-update.win32_1.5.0.202011040924/tools/bin/../lib/gcc/arm-none-eabi/7.3.1/../../../../arm-none-eabi/lib/thumb/v7e-m/fpv4-sp/hard/crt0.o (exit)
d:/st/stm32cubeide_1.3.0/stm32cubeide/plugins/com.st.stm32cube.ide.mcu.externaltools.gnu-tools-for-stm32.7-2018-q2-update.win32_1.5.0.202011040924/tools/bin/../lib/gcc/arm-none-eabi/7.3.1/../../../../arm-none-eabi/lib/thumb/v7e-m/fpv4-sp/hard\libc_nano.a(lib_a-impure.o)
                              d:/st/stm32cubeide_1.3.0/stm32cubeide/plugins/com.st.stm32cube.ide.mcu.externaltools.gnu-tools-for-stm32.7-2018-q2-update.win32_1.5.0.202011040924/tools/bin/../lib/gcc/arm-none-eabi/7.3.1/../../../../arm-none-eabi/lib/thumb/v7e-m/fpv4-sp/hard\libc_nano.a(lib_a-exit.o) (_global_impure_ptr)
d:/st/stm32cubeide_1.3.0/stm32cubeide/plugins/com.st.stm32cube.ide.mcu.externaltools.gnu-tools-for-stm32.7-2018-q2-update.win32_1.5.0.202011040924/tools/bin/../lib/gcc/arm-none-eabi/7.3.1/../../../../arm-none-eabi/lib/thumb/v7e-m/fpv4-sp/hard\libc_nano.a(lib_a-init.o)
                              d:/st/stm32cubeide_1.3.0/stm32cubeide/plugins/com.st.stm32cube.ide.mcu.externaltools.gnu-tools-for-stm32.7-2018-q2-update.win32_1.5.0.202011040924/tools/bin/../lib/gcc/arm-none-eabi/7.3.1/../../../../arm-none-eabi/lib/thumb/v7e-m/fpv4-sp/hard/crt0.o (__libc_init_array)
d:/st/stm32cubeide_1.3.0/stm32cubeide/plugins/com.st.stm32cube.ide.mcu.externaltools.gnu-tools-for-stm32.7-2018-q2-update.win32_1.5.0.202011040924/tools/bin/../lib/gcc/arm-none-eabi/7.3.1/../../../../arm-none-eabi/lib/thumb/v7e-m/fpv4-sp/hard\libc_nano.a(lib_a-memcmp.o)
                              Thirt Party/SEGGER/OS/SEGGER_SYSVIEW_FreeRTOS.o (memcmp)
d:/st/stm32cubeide_1.3.0/stm32cubeide/plugins/com.st.stm32cube.ide.mcu.externaltools.gnu-tools-for-stm32.7-2018-q2-update.win32_1.5.0.202011040924/tools/bin/../lib/gcc/arm-none-eabi/7.3.1/../../../../arm-none-eabi/lib/thumb/v7e-m/fpv4-sp/hard\libc_nano.a(lib_a-memcpy-stub.o)
                              Thirt Party/FreeRTOS/org/Source/queue.o (memcpy)
d:/st/stm32cubeide_1.3.0/stm32cubeide/plugins/com.st.stm32cube.ide.mcu.externaltools.gnu-tools-for-stm32.7-2018-q2-update.win32_1.5.0.202011040924/tools/bin/../lib/gcc/arm-none-eabi/7.3.1/../../../../arm-none-eabi/lib/thumb/v7e-m/fpv4-sp/hard\libc_nano.a(lib_a-memset.o)
                              d:/st/stm32cubeide_1.3.0/stm32cubeide/plugins/com.st.stm32cube.ide.mcu.externaltools.gnu-tools-for-stm32.7-2018-q2-update.win32_1.5.0.202011040924/tools/bin/../lib/gcc/arm-none-eabi/7.3.1/../../../../arm-none-eabi/lib/thumb/v7e-m/fpv4-sp/hard/crt0.o (memset)
d:/st/stm32cubeide_1.3.0/stm32cubeide/plugins/com.st.stm32cube.ide.mcu.externaltools.gnu-tools-for-stm32.7-2018-q2-update.win32_1.5.0.202011040924/tools/bin/../lib/gcc/arm-none-eabi/7.3.1/../../../../arm-none-eabi/lib/thumb/v7e-m/fpv4-sp/hard\libc_nano.a(lib_a-strlen.o)
                              Core/Src/main.o (strlen)

Allocating common symbols
Common symbol       size              file

xQueueRegistry      0x40              Thirt Party/FreeRTOS/org/Source/queue.o
_SEGGER_RTT         0xa8              Thirt Party/SEGGER/SEGGER/SEGGER_RTT.o

Discarded input sections

 .text          0x0000000000000000        0x0 d:/st/stm32cubeide_1.3.0/stm32cubeide/plugins/com.st.stm32cube.ide.mcu.externaltools.gnu-tools-for-stm32.7-2018-q2-update.win32_1.5.0.202011040924/tools/bin/../lib/gcc/arm-none-eabi/7.3.1/thumb/v7e-m/fpv4-sp/hard/crti.o
 .data          0x0000000000000000        0x0 d:/st/stm32cubeide_1.3.0/stm32cubeide/plugins/com.st.stm32cube.ide.mcu.externaltools.gnu-tools-for-stm32.7-2018-q2-update.win32_1.5.0.202011040924/tools/bin/../lib/gcc/arm-none-eabi/7.3.1/thumb/v7e-m/fpv4-sp/hard/crti.o
 .bss           0x0000000000000000        0x0 d:/st/stm32cubeide_1.3.0/stm32cubeide/plugins/com.st.stm32cube.ide.mcu.externaltools.gnu-tools-for-stm32.7-2018-q2-update.win32_1.5.0.202011040924/tools/bin/../lib/gcc/arm-none-eabi/7.3.1/thumb/v7e-m/fpv4-sp/hard/crti.o
[...]
Memory Configuration

Name             Origin             Length             Attributes
CCMRAM           0x0000000010000000 0x0000000000010000 xrw
RAM              0x0000000020000000 0x0000000000020000 xrw
FLASH            0x0000000008000000 0x0000000000100000 xr
*default*        0x0000000000000000 0xffffffffffffffff

Linker script and memory map

LOAD d:/st/stm32cubeide_1.3.0/stm32cubeide/plugins/com.st.stm32cube.ide.mcu.externaltools.gnu-tools-for-stm32.7-2018-q2-update.win32_1.5.0.202011040924/tools/bin/../lib/gcc/arm-none-eabi/7.3.1/thumb/v7e-m/fpv4-sp/hard/crti.o
LOAD d:/st/stm32cubeide_1.3.0/stm32cubeide/plugins/com.st.stm32cube.ide.mcu.externaltools.gnu-tools-for-stm32.7-2018-q2-update.win32_1.5.0.202011040924/tools/bin/../lib/gcc/arm-none-eabi/7.3.1/thumb/v7e-m/fpv4-sp/hard/crtbegin.o
LOAD d:/st/stm32cubeide_1.3.0/stm32cubeide/plugins/com.st.stm32cube.ide.mcu.externaltools.gnu-tools-for-stm32.7-2018-q2-update.win32_1.5.0.202011040924/tools/bin/../lib/gcc/arm-none-eabi/7.3.1/../../../../arm-none-eabi/lib/thumb/v7e-m/fpv4-sp/hard/crt0.o
LOAD Core/Src/main.o
LOAD Core/Src/syscalls.o
LOAD Core/Src/system_stm32f4xx.o
LOAD Core/Startup/startup_stm32f407vgtx.o
LOAD Drivers/StdPeriph_Driver/src/misc.o
LOAD Drivers/StdPeriph_Driver/src/stm32f4xx_adc.o
LOAD Drivers/StdPeriph_Driver/src/stm32f4xx_can.o
LOAD Drivers/StdPeriph_Driver/src/stm32f4xx_cec.o
LOAD Drivers/StdPeriph_Driver/src/stm32f4xx_crc.o
LOAD Drivers/StdPeriph_Driver/src/stm32f4xx_cryp.o
LOAD Drivers/StdPeriph_Driver/src/stm32f4xx_cryp_aes.o
LOAD Drivers/StdPeriph_Driver/src/stm32f4xx_cryp_des.o
LOAD Drivers/StdPeriph_Driver/src/stm32f4xx_cryp_tdes.o
LOAD Drivers/StdPeriph_Driver/src/stm32f4xx_dac.o
LOAD Drivers/StdPeriph_Driver/src/stm32f4xx_dbgmcu.o
LOAD Drivers/StdPeriph_Driver/src/stm32f4xx_dcmi.o
LOAD Drivers/StdPeriph_Driver/src/stm32f4xx_dfsdm.o
LOAD Drivers/StdPeriph_Driver/src/stm32f4xx_dma.o
LOAD Drivers/StdPeriph_Driver/src/stm32f4xx_dma2d.o
LOAD Drivers/StdPeriph_Driver/src/stm32f4xx_dsi.o
LOAD Drivers/StdPeriph_Driver/src/stm32f4xx_exti.o
LOAD Drivers/StdPeriph_Driver/src/stm32f4xx_flash.o
LOAD Drivers/StdPeriph_Driver/src/stm32f4xx_flash_ramfunc.o
LOAD Drivers/StdPeriph_Driver/src/stm32f4xx_fmpi2c.o
LOAD Drivers/StdPeriph_Driver/src/stm32f4xx_fsmc.o
LOAD Drivers/StdPeriph_Driver/src/stm32f4xx_gpio.o
LOAD Drivers/StdPeriph_Driver/src/stm32f4xx_hash.o
LOAD Drivers/StdPeriph_Driver/src/stm32f4xx_hash_md5.o
LOAD Drivers/StdPeriph_Driver/src/stm32f4xx_hash_sha1.o
LOAD Drivers/StdPeriph_Driver/src/stm32f4xx_i2c.o
LOAD Drivers/StdPeriph_Driver/src/stm32f4xx_iwdg.o
LOAD Drivers/StdPeriph_Driver/src/stm32f4xx_lptim.o
LOAD Drivers/StdPeriph_Driver/src/stm32f4xx_ltdc.o
LOAD Drivers/StdPeriph_Driver/src/stm32f4xx_pwr.o
LOAD Drivers/StdPeriph_Driver/src/stm32f4xx_qspi.o
LOAD Drivers/StdPeriph_Driver/src/stm32f4xx_rcc.o
LOAD Drivers/StdPeriph_Driver/src/stm32f4xx_rng.o
LOAD Drivers/StdPeriph_Driver/src/stm32f4xx_rtc.o
LOAD Drivers/StdPeriph_Driver/src/stm32f4xx_sai.o
LOAD Drivers/StdPeriph_Driver/src/stm32f4xx_sdio.o
LOAD Drivers/StdPeriph_Driver/src/stm32f4xx_spdifrx.o
LOAD Drivers/StdPeriph_Driver/src/stm32f4xx_spi.o
LOAD Drivers/StdPeriph_Driver/src/stm32f4xx_syscfg.o
LOAD Drivers/StdPeriph_Driver/src/stm32f4xx_tim.o
LOAD Drivers/StdPeriph_Driver/src/stm32f4xx_usart.o
LOAD Drivers/StdPeriph_Driver/src/stm32f4xx_wwdg.o
LOAD Thirt Party/FreeRTOS/org/Source/croutine.o
LOAD Thirt Party/FreeRTOS/org/Source/event_groups.o
LOAD Thirt Party/FreeRTOS/org/Source/list.o
LOAD Thirt Party/FreeRTOS/org/Source/queue.o
LOAD Thirt Party/FreeRTOS/org/Source/stream_buffer.o
LOAD Thirt Party/FreeRTOS/org/Source/tasks.o
LOAD Thirt Party/FreeRTOS/org/Source/timers.o
LOAD Thirt Party/FreeRTOS/org/Source/portable/GCC/ARM_CM4F/port.o
LOAD Thirt Party/FreeRTOS/org/Source/portable/MemMang/heap_4.o
LOAD Thirt Party/SEGGER/Config/SEGGER_SYSVIEW_Config_FreeRTOS.o
LOAD Thirt Party/SEGGER/OS/SEGGER_SYSVIEW_FreeRTOS.o
LOAD Thirt Party/SEGGER/SEGGER/SEGGER_RTT.o
LOAD Thirt Party/SEGGER/SEGGER/SEGGER_SYSVIEW.o
START GROUP
LOAD d:/st/stm32cubeide_1.3.0/stm32cubeide/plugins/com.st.stm32cube.ide.mcu.externaltools.gnu-tools-for-stm32.7-2018-q2-update.win32_1.5.0.202011040924/tools/bin/../lib/gcc/arm-none-eabi/7.3.1/../../../../arm-none-eabi/lib/thumb/v7e-m/fpv4-sp/hard\libc_nano.a
LOAD d:/st/stm32cubeide_1.3.0/stm32cubeide/plugins/com.st.stm32cube.ide.mcu.externaltools.gnu-tools-for-stm32.7-2018-q2-update.win32_1.5.0.202011040924/tools/bin/../lib/gcc/arm-none-eabi/7.3.1/../../../../arm-none-eabi/lib/thumb/v7e-m/fpv4-sp/hard\libm.a
END GROUP
START GROUP
LOAD d:/st/stm32cubeide_1.3.0/stm32cubeide/plugins/com.st.stm32cube.ide.mcu.externaltools.gnu-tools-for-stm32.7-2018-q2-update.win32_1.5.0.202011040924/tools/bin/../lib/gcc/arm-none-eabi/7.3.1/thumb/v7e-m/fpv4-sp/hard\libgcc.a
LOAD d:/st/stm32cubeide_1.3.0/stm32cubeide/plugins/com.st.stm32cube.ide.mcu.externaltools.gnu-tools-for-stm32.7-2018-q2-update.win32_1.5.0.202011040924/tools/bin/../lib/gcc/arm-none-eabi/7.3.1/../../../../arm-none-eabi/lib/thumb/v7e-m/fpv4-sp/hard\libc_nano.a
END GROUP
START GROUP
LOAD d:/st/stm32cubeide_1.3.0/stm32cubeide/plugins/com.st.stm32cube.ide.mcu.externaltools.gnu-tools-for-stm32.7-2018-q2-update.win32_1.5.0.202011040924/tools/bin/../lib/gcc/arm-none-eabi/7.3.1/thumb/v7e-m/fpv4-sp/hard\libgcc.a
LOAD d:/st/stm32cubeide_1.3.0/stm32cubeide/plugins/com.st.stm32cube.ide.mcu.externaltools.gnu-tools-for-stm32.7-2018-q2-update.win32_1.5.0.202011040924/tools/bin/../lib/gcc/arm-none-eabi/7.3.1/../../../../arm-none-eabi/lib/thumb/v7e-m/fpv4-sp/hard\libc_nano.a
LOAD d:/st/stm32cubeide_1.3.0/stm32cubeide/plugins/com.st.stm32cube.ide.mcu.externaltools.gnu-tools-for-stm32.7-2018-q2-update.win32_1.5.0.202011040924/tools/bin/../lib/gcc/arm-none-eabi/7.3.1/../../../../arm-none-eabi/lib/thumb/v7e-m/fpv4-sp/hard\libnosys.a
END GROUP
START GROUP
LOAD d:/st/stm32cubeide_1.3.0/stm32cubeide/plugins/com.st.stm32cube.ide.mcu.externaltools.gnu-tools-for-stm32.7-2018-q2-update.win32_1.5.0.202011040924/tools/bin/../lib/gcc/arm-none-eabi/7.3.1/thumb/v7e-m/fpv4-sp/hard\libgcc.a
LOAD d:/st/stm32cubeide_1.3.0/stm32cubeide/plugins/com.st.stm32cube.ide.mcu.externaltools.gnu-tools-for-stm32.7-2018-q2-update.win32_1.5.0.202011040924/tools/bin/../lib/gcc/arm-none-eabi/7.3.1/../../../../arm-none-eabi/lib/thumb/v7e-m/fpv4-sp/hard\libc_nano.a
LOAD d:/st/stm32cubeide_1.3.0/stm32cubeide/plugins/com.st.stm32cube.ide.mcu.externaltools.gnu-tools-for-stm32.7-2018-q2-update.win32_1.5.0.202011040924/tools/bin/../lib/gcc/arm-none-eabi/7.3.1/../../../../arm-none-eabi/lib/thumb/v7e-m/fpv4-sp/hard\libnosys.a
END GROUP
LOAD d:/st/stm32cubeide_1.3.0/stm32cubeide/plugins/com.st.stm32cube.ide.mcu.externaltools.gnu-tools-for-stm32.7-2018-q2-update.win32_1.5.0.202011040924/tools/bin/../lib/gcc/arm-none-eabi/7.3.1/thumb/v7e-m/fpv4-sp/hard/crtend.o
LOAD d:/st/stm32cubeide_1.3.0/stm32cubeide/plugins/com.st.stm32cube.ide.mcu.externaltools.gnu-tools-for-stm32.7-2018-q2-update.win32_1.5.0.202011040924/tools/bin/../lib/gcc/arm-none-eabi/7.3.1/thumb/v7e-m/fpv4-sp/hard/crtn.o
                0x0000000020020000                _estack = (ORIGIN (RAM) + LENGTH (RAM))
                0x0000000000000200                _Min_Heap_Size = 0x200
                0x0000000000000400                _Min_Stack_Size = 0x400

.isr_vector     0x0000000008000000      0x188
                0x0000000008000000                . = ALIGN (0x4)
 *(.isr_vector)
 .isr_vector    0x0000000008000000      0x188 Core/Startup/startup_stm32f407vgtx.o
                0x0000000008000000                g_pfnVectors
                0x0000000008000188                . = ALIGN (0x4)

.text           0x0000000008000190     0x3ac4
                0x0000000008000190                . = ALIGN (0x4)
 *(.text)
 .text          0x0000000008000190       0x40 d:/st/stm32cubeide_1.3.0/stm32cubeide/plugins/com.st.stm32cube.ide.mcu.externaltools.gnu-tools-for-stm32.7-2018-q2-update.win32_1.5.0.202011040924/tools/bin/../lib/gcc/arm-none-eabi/7.3.1/thumb/v7e-m/fpv4-sp/hard/crtbegin.o
 .text          0x00000000080001d0       0x10 d:/st/stm32cubeide_1.3.0/stm32cubeide/plugins/com.st.stm32cube.ide.mcu.externaltools.gnu-tools-for-stm32.7-2018-q2-update.win32_1.5.0.202011040924/tools/bin/../lib/gcc/arm-none-eabi/7.3.1/../../../../arm-none-eabi/lib/thumb/v7e-m/fpv4-sp/hard\libc_nano.a(lib_a-strlen.o)
                0x00000000080001d0                strlen
 *(.text*)
 .text.main     0x00000000080001e0       0x9c Core/Src/main.o
                0x00000000080001e0                main
 .text.vTask1_Handler
                0x000000000800027c       0x48 Core/Src/main.o
                0x000000000800027c                vTask1_Handler
 .text.vTask2_Handler
                0x00000000080002c4       0x80 Core/Src/main.o
                0x00000000080002c4                vTask2_Handler
 .text.prvSetupHardware
                0x0000000008000344       0x10 Core/Src/main.o
 .text.printmsg
                0x0000000008000354       0x60 Core/Src/main.o
                0x0000000008000354                printmsg
 .text.prvSetupUart
                0x00000000080003b4       0x9c Core/Src/main.o
 .text.prvSetupGPIO
                0x0000000008000450       0x68 Core/Src/main.o
                0x0000000008000450                prvSetupGPIO
 .text.rtos_delay
                0x00000000080004b8       0x40 Core/Src/main.o
                0x00000000080004b8                rtos_delay
 .text.SystemInit
                0x00000000080004f8       0x2c Core/Src/system_stm32f4xx.o
                0x00000000080004f8                SystemInit
 .text.SystemCoreClockUpdate
                0x0000000008000524       0xf4 Core/Src/system_stm32f4xx.o
                0x0000000008000524                SystemCoreClockUpdate
 .text.Reset_Handler
                0x0000000008000618       0x50 Core/Startup/startup_stm32f407vgtx.o
                0x0000000008000618                Reset_Handler
 .text.Default_Handler
                0x0000000008000668        0x2 Core/Startup/startup_stm32f407vgtx.o
                0x0000000008000668                RTC_Alarm_IRQHandler
                0x0000000008000668                HASH_RNG_IRQHandler
                0x0000000008000668                EXTI2_IRQHandler
                0x0000000008000668                TIM8_CC_IRQHandler
                0x0000000008000668                DebugMon_Handler
                0x0000000008000668                TIM1_CC_IRQHandler
                0x0000000008000668                DMA2_Stream5_IRQHandler
                0x0000000008000668                HardFault_Handler
                0x0000000008000668                DMA1_Stream5_IRQHandler
                0x0000000008000668                PVD_IRQHandler
                0x0000000008000668                SDIO_IRQHandler
                0x0000000008000668                TAMP_STAMP_IRQHandler
                0x0000000008000668                NMI_Handler
                0x0000000008000668                CAN2_RX1_IRQHandler
                0x0000000008000668                EXTI3_IRQHandler
                0x0000000008000668                TIM8_TRG_COM_TIM14_IRQHandler
                0x0000000008000668                TIM1_UP_TIM10_IRQHandler
                0x0000000008000668                TIM8_UP_TIM13_IRQHandler
                0x0000000008000668                I2C3_ER_IRQHandler
                0x0000000008000668                EXTI0_IRQHandler
                0x0000000008000668                I2C2_EV_IRQHandler
                0x0000000008000668                DMA1_Stream2_IRQHandler
                0x0000000008000668                CAN1_RX0_IRQHandler
                0x0000000008000668                FPU_IRQHandler
                0x0000000008000668                OTG_HS_WKUP_IRQHandler
                0x0000000008000668                UsageFault_Handler
                0x0000000008000668                CAN2_SCE_IRQHandler
                0x0000000008000668                DMA2_Stream2_IRQHandler
                0x0000000008000668                SPI1_IRQHandler
                0x0000000008000668                TIM6_DAC_IRQHandler
                0x0000000008000668                TIM1_BRK_TIM9_IRQHandler
                0x0000000008000668                DCMI_IRQHandler
                0x0000000008000668                CAN2_RX0_IRQHandler
                0x0000000008000668                DMA2_Stream3_IRQHandler
                0x0000000008000668                USART6_IRQHandler
                0x0000000008000668                USART3_IRQHandler
                0x0000000008000668                CAN1_RX1_IRQHandler
                0x0000000008000668                UART5_IRQHandler
                0x0000000008000668                DMA2_Stream0_IRQHandler
                0x0000000008000668                TIM4_IRQHandler
                0x0000000008000668                I2C1_EV_IRQHandler
                0x0000000008000668                DMA1_Stream6_IRQHandler
                0x0000000008000668                DMA1_Stream1_IRQHandler
                0x0000000008000668                UART4_IRQHandler
                0x0000000008000668                TIM3_IRQHandler
                0x0000000008000668                RCC_IRQHandler
                0x0000000008000668                TIM8_BRK_TIM12_IRQHandler
                0x0000000008000668                Default_Handler
                0x0000000008000668                EXTI15_10_IRQHandler
                0x0000000008000668                ADC_IRQHandler
                0x0000000008000668                DMA1_Stream7_IRQHandler
                0x0000000008000668                TIM7_IRQHandler
                0x0000000008000668                CAN2_TX_IRQHandler
                0x0000000008000668                TIM5_IRQHandler
                0x0000000008000668                DMA2_Stream7_IRQHandler
                0x0000000008000668                I2C3_EV_IRQHandler
                0x0000000008000668                EXTI9_5_IRQHandler
                0x0000000008000668                RTC_WKUP_IRQHandler
                0x0000000008000668                ETH_WKUP_IRQHandler
                0x0000000008000668                SPI2_IRQHandler
                0x0000000008000668                OTG_HS_EP1_IN_IRQHandler
                0x0000000008000668                MemManage_Handler
                0x0000000008000668                DMA1_Stream0_IRQHandler
                0x0000000008000668                CAN1_TX_IRQHandler
                0x0000000008000668                EXTI4_IRQHandler
                0x0000000008000668                FSMC_IRQHandler
                0x0000000008000668                ETH_IRQHandler
                0x0000000008000668                OTG_HS_EP1_OUT_IRQHandler
                0x0000000008000668                WWDG_IRQHandler
                0x0000000008000668                TIM2_IRQHandler
                0x0000000008000668                OTG_FS_WKUP_IRQHandler
                0x0000000008000668                TIM1_TRG_COM_TIM11_IRQHandler
                0x0000000008000668                OTG_HS_IRQHandler
                0x0000000008000668                EXTI1_IRQHandler
                0x0000000008000668                USART2_IRQHandler
                0x0000000008000668                I2C2_ER_IRQHandler
                0x0000000008000668                DMA2_Stream1_IRQHandler
                0x0000000008000668                CAN1_SCE_IRQHandler
                0x0000000008000668                FLASH_IRQHandler
                0x0000000008000668                DMA2_Stream4_IRQHandler
                0x0000000008000668                BusFault_Handler
                0x0000000008000668                USART1_IRQHandler
                0x0000000008000668                OTG_FS_IRQHandler
                0x0000000008000668                SPI3_IRQHandler
                0x0000000008000668                DMA1_Stream4_IRQHandler
                0x0000000008000668                I2C1_ER_IRQHandler
                0x0000000008000668                DMA2_Stream6_IRQHandler
                0x0000000008000668                DMA1_Stream3_IRQHandler
 .text.GPIO_Init
                0x000000000800066a      0x11c Drivers/StdPeriph_Driver/src/stm32f4xx_gpio.o
                0x000000000800066a                GPIO_Init
 .text.GPIO_ReadInputDataBit
                0x0000000008000786       0x34 Drivers/StdPeriph_Driver/src/stm32f4xx_gpio.o
                0x0000000008000786                GPIO_ReadInputDataBit
 .text.GPIO_ToggleBits
                0x00000000080007ba       0x24 Drivers/StdPeriph_Driver/src/stm32f4xx_gpio.o
                0x00000000080007ba                GPIO_ToggleBits
 .text.GPIO_PinAFConfig
                0x00000000080007de       0x92 Drivers/StdPeriph_Driver/src/stm32f4xx_gpio.o
                0x00000000080007de                GPIO_PinAFConfig
 .text.RCC_DeInit
                0x0000000008000870       0x70 Drivers/StdPeriph_Driver/src/stm32f4xx_rcc.o
                0x0000000008000870                RCC_DeInit
 .text.RCC_GetClocksFreq
                0x00000000080008e0      0x150 Drivers/StdPeriph_Driver/src/stm32f4xx_rcc.o
                0x00000000080008e0                RCC_GetClocksFreq
 .text.RCC_AHB1PeriphClockCmd
                0x0000000008000a30       0x40 Drivers/StdPeriph_Driver/src/stm32f4xx_rcc.o
                0x0000000008000a30                RCC_AHB1PeriphClockCmd
 .text.RCC_APB1PeriphClockCmd
                0x0000000008000a70       0x40 Drivers/StdPeriph_Driver/src/stm32f4xx_rcc.o
                0x0000000008000a70                RCC_APB1PeriphClockCmd
 .text.USART_Init
                0x0000000008000ab0      0x174 Drivers/StdPeriph_Driver/src/stm32f4xx_usart.o
                0x0000000008000ab0                USART_Init
 .text.USART_Cmd
                0x0000000008000c24       0x40 Drivers/StdPeriph_Driver/src/stm32f4xx_usart.o
                0x0000000008000c24                USART_Cmd
 .text.USART_SendData
                0x0000000008000c64       0x24 Drivers/StdPeriph_Driver/src/stm32f4xx_usart.o
                0x0000000008000c64                USART_SendData
 .text.USART_GetFlagStatus
                0x0000000008000c88       0x38 Drivers/StdPeriph_Driver/src/stm32f4xx_usart.o
                0x0000000008000c88                USART_GetFlagStatus
 .text.vListInitialise
                0x0000000008000cc0       0x40 Thirt Party/FreeRTOS/org/Source/list.o
                0x0000000008000cc0                vListInitialise
 .text.vListInitialiseItem
                0x0000000008000d00       0x1a Thirt Party/FreeRTOS/org/Source/list.o
                0x0000000008000d00                vListInitialiseItem
 .text.vListInsertEnd
                0x0000000008000d1a       0x48 Thirt Party/FreeRTOS/org/Source/list.o
                0x0000000008000d1a                vListInsertEnd
 .text.vListInsert
                0x0000000008000d62       0x72 Thirt Party/FreeRTOS/org/Source/list.o
                0x0000000008000d62                vListInsert
 .text.uxListRemove
                0x0000000008000dd4       0x54 Thirt Party/FreeRTOS/org/Source/list.o
                0x0000000008000dd4                uxListRemove
 .text.xTaskCreate
                0x0000000008000e28       0x82 Thirt Party/FreeRTOS/org/Source/tasks.o
                0x0000000008000e28                xTaskCreate
 .text.prvInitialiseNewTask
                0x0000000008000eaa      0x126 Thirt Party/FreeRTOS/org/Source/tasks.o
 .text.prvAddNewTaskToReadyList
                0x0000000008000fd0      0x118 Thirt Party/FreeRTOS/org/Source/tasks.o
 .text.vTaskDelete
                0x00000000080010e8      0x138 Thirt Party/FreeRTOS/org/Source/tasks.o
                0x00000000080010e8                vTaskDelete
 .text.vTaskDelay
                0x0000000008001220       0x70 Thirt Party/FreeRTOS/org/Source/tasks.o
                0x0000000008001220                vTaskDelay
 .text.vTaskStartScheduler
                0x0000000008001290       0xac Thirt Party/FreeRTOS/org/Source/tasks.o
                0x0000000008001290                vTaskStartScheduler
 .text.vTaskSuspendAll
                0x000000000800133c       0x1c Thirt Party/FreeRTOS/org/Source/tasks.o
                0x000000000800133c                vTaskSuspendAll
 .text.xTaskResumeAll
                0x0000000008001358      0x140 Thirt Party/FreeRTOS/org/Source/tasks.o
                0x0000000008001358                xTaskResumeAll
 .text.xTaskGetTickCount
                0x0000000008001498       0x20 Thirt Party/FreeRTOS/org/Source/tasks.o
                0x0000000008001498                xTaskGetTickCount
 .text.xTaskGetTickCountFromISR
                0x00000000080014b8       0x24 Thirt Party/FreeRTOS/org/Source/tasks.o
                0x00000000080014b8                xTaskGetTickCountFromISR
 .text.xTaskIncrementTick
                0x00000000080014dc      0x178 Thirt Party/FreeRTOS/org/Source/tasks.o
                0x00000000080014dc                xTaskIncrementTick
 .text.vTaskSwitchContext
                0x0000000008001654       0xd0 Thirt Party/FreeRTOS/org/Source/tasks.o
                0x0000000008001654                vTaskSwitchContext
 .text.prvIdleTask
                0x0000000008001724       0x30 Thirt Party/FreeRTOS/org/Source/tasks.o
 .text.prvInitialiseTaskLists
                0x0000000008001754       0x80 Thirt Party/FreeRTOS/org/Source/tasks.o
 .text.prvCheckTasksWaitingTermination
                0x00000000080017d4       0x58 Thirt Party/FreeRTOS/org/Source/tasks.o
 .text.prvDeleteTCB
                0x000000000800182c       0x20 Thirt Party/FreeRTOS/org/Source/tasks.o
 .text.prvResetNextTaskUnblockTime
                0x000000000800184c       0x40 Thirt Party/FreeRTOS/org/Source/tasks.o
 .text.prvAddCurrentTaskToDelayedList
                0x000000000800188c       0xf0 Thirt Party/FreeRTOS/org/Source/tasks.o
 .text.pxPortInitialiseStack
                0x000000000800197c       0x68 Thirt Party/FreeRTOS/org/Source/portable/GCC/ARM_CM4F/port.o
                0x000000000800197c                pxPortInitialiseStack
 .text.prvTaskExitError
                0x00000000080019e4       0x54 Thirt Party/FreeRTOS/org/Source/portable/GCC/ARM_CM4F/port.o
 *fill*         0x0000000008001a38        0x8 
 .text.SVC_Handler
                0x0000000008001a40       0x28 Thirt Party/FreeRTOS/org/Source/portable/GCC/ARM_CM4F/port.o
                0x0000000008001a40                SVC_Handler
 .text.prvPortStartFirstTask
                0x0000000008001a68       0x28 Thirt Party/FreeRTOS/org/Source/portable/GCC/ARM_CM4F/port.o
 .text.xPortStartScheduler
                0x0000000008001a90      0x13c Thirt Party/FreeRTOS/org/Source/portable/GCC/ARM_CM4F/port.o
                0x0000000008001a90                xPortStartScheduler
 .text.vPortEnterCritical
                0x0000000008001bcc       0x5c Thirt Party/FreeRTOS/org/Source/portable/GCC/ARM_CM4F/port.o
                0x0000000008001bcc                vPortEnterCritical
 .text.vPortExitCritical
                0x0000000008001c28       0x50 Thirt Party/FreeRTOS/org/Source/portable/GCC/ARM_CM4F/port.o
                0x0000000008001c28                vPortExitCritical
 *fill*         0x0000000008001c78        0x8 
 .text.PendSV_Handler
                0x0000000008001c80       0x68 Thirt Party/FreeRTOS/org/Source/portable/GCC/ARM_CM4F/port.o
                0x0000000008001c80                PendSV_Handler
 .text.SysTick_Handler
                0x0000000008001ce8       0x54 Thirt Party/FreeRTOS/org/Source/portable/GCC/ARM_CM4F/port.o
                0x0000000008001ce8                SysTick_Handler
 .text.vPortSetupTimerInterrupt
                0x0000000008001d3c       0x48 Thirt Party/FreeRTOS/org/Source/portable/GCC/ARM_CM4F/port.o
                0x0000000008001d3c                vPortSetupTimerInterrupt
 .text.vPortEnableVFP
                0x0000000008001d84       0x14 Thirt Party/FreeRTOS/org/Source/portable/GCC/ARM_CM4F/port.o
 .text.vPortValidateInterruptPriority
                0x0000000008001d98       0x7c Thirt Party/FreeRTOS/org/Source/portable/GCC/ARM_CM4F/port.o
                0x0000000008001d98                vPortValidateInterruptPriority
 .text.pvPortMalloc
                0x0000000008001e14      0x184 Thirt Party/FreeRTOS/org/Source/portable/MemMang/heap_4.o
                0x0000000008001e14                pvPortMalloc
 .text.vPortFree
                0x0000000008001f98       0xb0 Thirt Party/FreeRTOS/org/Source/portable/MemMang/heap_4.o
                0x0000000008001f98                vPortFree
 .text.prvHeapInit
                0x0000000008002048       0xc4 Thirt Party/FreeRTOS/org/Source/portable/MemMang/heap_4.o
 .text.prvInsertBlockIntoFreeList
                0x000000000800210c       0xb4 Thirt Party/FreeRTOS/org/Source/portable/MemMang/heap_4.o
 .text._cbSendSystemDesc
                0x00000000080021c0       0x1c Thirt Party/SEGGER/Config/SEGGER_SYSVIEW_Config_FreeRTOS.o
 .text.SEGGER_SYSVIEW_Conf
                0x00000000080021dc       0x2c Thirt Party/SEGGER/Config/SEGGER_SYSVIEW_Config_FreeRTOS.o
                0x00000000080021dc                SEGGER_SYSVIEW_Conf
 .text._cbSendTaskList
                0x0000000008002208       0x90 Thirt Party/SEGGER/OS/SEGGER_SYSVIEW_FreeRTOS.o
 .text._cbGetTime
                0x0000000008002298       0x76 Thirt Party/SEGGER/OS/SEGGER_SYSVIEW_FreeRTOS.o
 *fill*         0x000000000800230e        0x2 
 .text.SYSVIEW_AddTask
                0x0000000008002310       0xd0 Thirt Party/SEGGER/OS/SEGGER_SYSVIEW_FreeRTOS.o
                0x0000000008002310                SYSVIEW_AddTask
 .text.SYSVIEW_DeleteTask
                0x00000000080023e0      0x178 Thirt Party/SEGGER/OS/SEGGER_SYSVIEW_FreeRTOS.o
                0x00000000080023e0                SYSVIEW_DeleteTask
 .text.SYSVIEW_SendTaskInfo
                0x0000000008002558       0x42 Thirt Party/SEGGER/OS/SEGGER_SYSVIEW_FreeRTOS.o
                0x0000000008002558                SYSVIEW_SendTaskInfo
 *fill*         0x000000000800259a        0x2 
 .text._DoInit  0x000000000800259c       0xa4 Thirt Party/SEGGER/SEGGER/SEGGER_RTT.o
 .text.SEGGER_RTT_ReadNoLock
                0x0000000008002640      0x104 Thirt Party/SEGGER/SEGGER/SEGGER_RTT.o
                0x0000000008002640                SEGGER_RTT_ReadNoLock
 .text.SEGGER_RTT_WriteSkipNoLock
                0x0000000008002744      0x120 Thirt Party/SEGGER/SEGGER/SEGGER_RTT.o
                0x0000000008002744                SEGGER_RTT_WriteSkipNoLock
 .text.SEGGER_RTT_ConfigUpBuffer
                0x0000000008002864       0xd4 Thirt Party/SEGGER/SEGGER/SEGGER_RTT.o
                0x0000000008002864                SEGGER_RTT_ConfigUpBuffer
 .text.SEGGER_RTT_ConfigDownBuffer
                0x0000000008002938       0xd4 Thirt Party/SEGGER/SEGGER/SEGGER_RTT.o
                0x0000000008002938                SEGGER_RTT_ConfigDownBuffer
 .text._EncodeStr
                0x0000000008002a0c       0x9a Thirt Party/SEGGER/SEGGER/SEGGER_SYSVIEW.o
 .text._PreparePacket
                0x0000000008002aa6       0x18 Thirt Party/SEGGER/SEGGER/SEGGER_SYSVIEW.o
 .text._HandleIncomingPacket
                0x0000000008002abe       0xb8 Thirt Party/SEGGER/SEGGER/SEGGER_SYSVIEW.o
 *fill*         0x0000000008002b76        0x2 
 .text._TrySendOverflowPacket
                0x0000000008002b78       0xe0 Thirt Party/SEGGER/SEGGER/SEGGER_SYSVIEW.o
 .text._SendPacket
                0x0000000008002c58      0x1a8 Thirt Party/SEGGER/SEGGER/SEGGER_SYSVIEW.o
 .text.SEGGER_SYSVIEW_Init
                0x0000000008002e00       0x7c Thirt Party/SEGGER/SEGGER/SEGGER_SYSVIEW.o
                0x0000000008002e00                SEGGER_SYSVIEW_Init
 .text.SEGGER_SYSVIEW_SetRAMBase
                0x0000000008002e7c       0x20 Thirt Party/SEGGER/SEGGER/SEGGER_SYSVIEW.o
                0x0000000008002e7c                SEGGER_SYSVIEW_SetRAMBase
 .text.SEGGER_SYSVIEW_RecordVoid
                0x0000000008002e9c       0x3c Thirt Party/SEGGER/SEGGER/SEGGER_SYSVIEW.o
                0x0000000008002e9c                SEGGER_SYSVIEW_RecordVoid
 .text.SEGGER_SYSVIEW_RecordU32
                0x0000000008002ed8       0x78 Thirt Party/SEGGER/SEGGER/SEGGER_SYSVIEW.o
                0x0000000008002ed8                SEGGER_SYSVIEW_RecordU32
 .text.SEGGER_SYSVIEW_RecordU32x2
                0x0000000008002f50       0xb4 Thirt Party/SEGGER/SEGGER/SEGGER_SYSVIEW.o
                0x0000000008002f50                SEGGER_SYSVIEW_RecordU32x2
 .text.SEGGER_SYSVIEW_Start
                0x0000000008003004      0x178 Thirt Party/SEGGER/SEGGER/SEGGER_SYSVIEW.o
                0x0000000008003004                SEGGER_SYSVIEW_Start
 .text.SEGGER_SYSVIEW_Stop
                0x000000000800317c       0x4c Thirt Party/SEGGER/SEGGER/SEGGER_SYSVIEW.o
                0x000000000800317c                SEGGER_SYSVIEW_Stop
 .text.SEGGER_SYSVIEW_GetSysDesc
                0x00000000080031c8      0x134 Thirt Party/SEGGER/SEGGER/SEGGER_SYSVIEW.o
                0x00000000080031c8                SEGGER_SYSVIEW_GetSysDesc
 .text.SEGGER_SYSVIEW_SendTaskInfo
                0x00000000080032fc      0x1cc Thirt Party/SEGGER/SEGGER/SEGGER_SYSVIEW.o
                0x00000000080032fc                SEGGER_SYSVIEW_SendTaskInfo
 .text.SEGGER_SYSVIEW_SendTaskList
                0x00000000080034c8       0x28 Thirt Party/SEGGER/SEGGER/SEGGER_SYSVIEW.o
                0x00000000080034c8                SEGGER_SYSVIEW_SendTaskList
 .text.SEGGER_SYSVIEW_SendSysDesc
                0x00000000080034f0       0x48 Thirt Party/SEGGER/SEGGER/SEGGER_SYSVIEW.o
                0x00000000080034f0                SEGGER_SYSVIEW_SendSysDesc
 .text.SEGGER_SYSVIEW_RecordSystime
                0x0000000008003538       0x60 Thirt Party/SEGGER/SEGGER/SEGGER_SYSVIEW.o
                0x0000000008003538                SEGGER_SYSVIEW_RecordSystime
 .text.SEGGER_SYSVIEW_RecordEnterISR
                0x0000000008003598       0x84 Thirt Party/SEGGER/SEGGER/SEGGER_SYSVIEW.o
                0x0000000008003598                SEGGER_SYSVIEW_RecordEnterISR
 .text.SEGGER_SYSVIEW_RecordExitISR
                0x000000000800361c       0x38 Thirt Party/SEGGER/SEGGER/SEGGER_SYSVIEW.o
                0x000000000800361c                SEGGER_SYSVIEW_RecordExitISR
 .text.SEGGER_SYSVIEW_RecordExitISRToScheduler
                0x0000000008003654       0x38 Thirt Party/SEGGER/SEGGER/SEGGER_SYSVIEW.o
                0x0000000008003654                SEGGER_SYSVIEW_RecordExitISRToScheduler
 .text.SEGGER_SYSVIEW_OnIdle
                0x000000000800368c       0x38 Thirt Party/SEGGER/SEGGER/SEGGER_SYSVIEW.o
                0x000000000800368c                SEGGER_SYSVIEW_OnIdle
 .text.SEGGER_SYSVIEW_OnTaskCreate
                0x00000000080036c4       0x88 Thirt Party/SEGGER/SEGGER/SEGGER_SYSVIEW.o
                0x00000000080036c4                SEGGER_SYSVIEW_OnTaskCreate
 .text.SEGGER_SYSVIEW_OnTaskStartExec
                0x000000000800374c       0x88 Thirt Party/SEGGER/SEGGER/SEGGER_SYSVIEW.o
                0x000000000800374c                SEGGER_SYSVIEW_OnTaskStartExec
 .text.SEGGER_SYSVIEW_OnTaskStartReady
                0x00000000080037d4       0x88 Thirt Party/SEGGER/SEGGER/SEGGER_SYSVIEW.o
                0x00000000080037d4                SEGGER_SYSVIEW_OnTaskStartReady
 .text.SEGGER_SYSVIEW_OnTaskStopReady
                0x000000000800385c       0xc0 Thirt Party/SEGGER/SEGGER/SEGGER_SYSVIEW.o
                0x000000000800385c                SEGGER_SYSVIEW_OnTaskStopReady
 .text.SEGGER_SYSVIEW_ShrinkId
                0x000000000800391c       0x24 Thirt Party/SEGGER/SEGGER/SEGGER_SYSVIEW.o
                0x000000000800391c                SEGGER_SYSVIEW_ShrinkId
 .text.SEGGER_SYSVIEW_SendModule
                0x0000000008003940      0x100 Thirt Party/SEGGER/SEGGER/SEGGER_SYSVIEW.o
                0x0000000008003940                SEGGER_SYSVIEW_SendModule
 .text.SEGGER_SYSVIEW_SendModuleDescription
                0x0000000008003a40       0x3c Thirt Party/SEGGER/SEGGER/SEGGER_SYSVIEW.o
                0x0000000008003a40                SEGGER_SYSVIEW_SendModuleDescription
 .text.SEGGER_SYSVIEW_SendNumModules
                0x0000000008003a7c       0x7c Thirt Party/SEGGER/SEGGER/SEGGER_SYSVIEW.o
                0x0000000008003a7c                SEGGER_SYSVIEW_SendNumModules
 .text.SEGGER_SYSVIEW_Warn
                0x0000000008003af8       0xb8 Thirt Party/SEGGER/SEGGER/SEGGER_SYSVIEW.o
                0x0000000008003af8                SEGGER_SYSVIEW_Warn
 .text.__libc_init_array
                0x0000000008003bb0       0x48 d:/st/stm32cubeide_1.3.0/stm32cubeide/plugins/com.st.stm32cube.ide.mcu.externaltools.gnu-tools-for-stm32.7-2018-q2-update.win32_1.5.0.202011040924/tools/bin/../lib/gcc/arm-none-eabi/7.3.1/../../../../arm-none-eabi/lib/thumb/v7e-m/fpv4-sp/hard\libc_nano.a(lib_a-init.o)
                0x0000000008003bb0                __libc_init_array
 .text.memcmp   0x0000000008003bf8       0x1e d:/st/stm32cubeide_1.3.0/stm32cubeide/plugins/com.st.stm32cube.ide.mcu.externaltools.gnu-tools-for-stm32.7-2018-q2-update.win32_1.5.0.202011040924/tools/bin/../lib/gcc/arm-none-eabi/7.3.1/../../../../arm-none-eabi/lib/thumb/v7e-m/fpv4-sp/hard\libc_nano.a(lib_a-memcmp.o)
                0x0000000008003bf8                memcmp
 .text.memcpy   0x0000000008003c16       0x16 d:/st/stm32cubeide_1.3.0/stm32cubeide/plugins/com.st.stm32cube.ide.mcu.externaltools.gnu-tools-for-stm32.7-2018-q2-update.win32_1.5.0.202011040924/tools/bin/../lib/gcc/arm-none-eabi/7.3.1/../../../../arm-none-eabi/lib/thumb/v7e-m/fpv4-sp/hard\libc_nano.a(lib_a-memcpy-stub.o)
                0x0000000008003c16                memcpy
 .text.memset   0x0000000008003c2c       0x10 d:/st/stm32cubeide_1.3.0/stm32cubeide/plugins/com.st.stm32cube.ide.mcu.externaltools.gnu-tools-for-stm32.7-2018-q2-update.win32_1.5.0.202011040924/tools/bin/../lib/gcc/arm-none-eabi/7.3.1/../../../../arm-none-eabi/lib/thumb/v7e-m/fpv4-sp/hard\libc_nano.a(lib_a-memset.o)
                0x0000000008003c2c                memset
 *(.glue_7)
 .glue_7        0x0000000008003c3c        0x0 linker stubs
 *(.glue_7t)
 .glue_7t       0x0000000008003c3c        0x0 linker stubs
 *(.eh_frame)
 .eh_frame      0x0000000008003c3c        0x0 d:/st/stm32cubeide_1.3.0/stm32cubeide/plugins/com.st.stm32cube.ide.mcu.externaltools.gnu-tools-for-stm32.7-2018-q2-update.win32_1.5.0.202011040924/tools/bin/../lib/gcc/arm-none-eabi/7.3.1/thumb/v7e-m/fpv4-sp/hard/crtbegin.o
 *(.init)
 .init          0x0000000008003c3c        0x4 d:/st/stm32cubeide_1.3.0/stm32cubeide/plugins/com.st.stm32cube.ide.mcu.externaltools.gnu-tools-for-stm32.7-2018-q2-update.win32_1.5.0.202011040924/tools/bin/../lib/gcc/arm-none-eabi/7.3.1/thumb/v7e-m/fpv4-sp/hard/crti.o
                0x0000000008003c3c                _init
 .init          0x0000000008003c40        0x8 d:/st/stm32cubeide_1.3.0/stm32cubeide/plugins/com.st.stm32cube.ide.mcu.externaltools.gnu-tools-for-stm32.7-2018-q2-update.win32_1.5.0.202011040924/tools/bin/../lib/gcc/arm-none-eabi/7.3.1/thumb/v7e-m/fpv4-sp/hard/crtn.o
 *(.fini)
 .fini          0x0000000008003c48        0x4 d:/st/stm32cubeide_1.3.0/stm32cubeide/plugins/com.st.stm32cube.ide.mcu.externaltools.gnu-tools-for-stm32.7-2018-q2-update.win32_1.5.0.202011040924/tools/bin/../lib/gcc/arm-none-eabi/7.3.1/thumb/v7e-m/fpv4-sp/hard/crti.o
                0x0000000008003c48                _fini
 .fini          0x0000000008003c4c        0x8 d:/st/stm32cubeide_1.3.0/stm32cubeide/plugins/com.st.stm32cube.ide.mcu.externaltools.gnu-tools-for-stm32.7-2018-q2-update.win32_1.5.0.202011040924/tools/bin/../lib/gcc/arm-none-eabi/7.3.1/thumb/v7e-m/fpv4-sp/hard/crtn.o
                0x0000000008003c54                . = ALIGN (0x4)
                0x0000000008003c54                _etext = .

.vfp11_veneer   0x0000000008003c54        0x0
 .vfp11_veneer  0x0000000008003c54        0x0 linker stubs

.v4_bx          0x0000000008003c54        0x0
 .v4_bx         0x0000000008003c54        0x0 linker stubs

.iplt           0x0000000008003c54        0x0
 .iplt          0x0000000008003c54        0x0 d:/st/stm32cubeide_1.3.0/stm32cubeide/plugins/com.st.stm32cube.ide.mcu.externaltools.gnu-tools-for-stm32.7-2018-q2-update.win32_1.5.0.202011040924/tools/bin/../lib/gcc/arm-none-eabi/7.3.1/thumb/v7e-m/fpv4-sp/hard/crtbegin.o

.rodata         0x0000000008003c54      0x178
                0x0000000008003c54                . = ALIGN (0x4)
 *(.rodata)
 .rodata        0x0000000008003c54       0x7a Core/Src/main.o
 *fill*         0x0000000008003cce        0x2 
 .rodata        0x0000000008003cd0        0x5 Thirt Party/FreeRTOS/org/Source/tasks.o
 *fill*         0x0000000008003cd5        0x3 
 .rodata        0x0000000008003cd8       0x55 Thirt Party/SEGGER/Config/SEGGER_SYSVIEW_Config_FreeRTOS.o
 *fill*         0x0000000008003d2d        0x3 
 .rodata        0x0000000008003d30       0x58 Thirt Party/SEGGER/OS/SEGGER_SYSVIEW_FreeRTOS.o
 .rodata        0x0000000008003d88       0x17 Thirt Party/SEGGER/SEGGER/SEGGER_RTT.o
 *fill*         0x0000000008003d9f        0x1 
 .rodata        0x0000000008003da0        0x8 Thirt Party/SEGGER/SEGGER/SEGGER_SYSVIEW.o
 *(.rodata*)
 .rodata.AHBPrescTable
                0x0000000008003da8       0x10 Core/Src/system_stm32f4xx.o
                0x0000000008003da8                AHBPrescTable
 .rodata.SYSVIEW_X_OS_TraceAPI
                0x0000000008003db8        0x8 Thirt Party/SEGGER/OS/SEGGER_SYSVIEW_FreeRTOS.o
                0x0000000008003db8                SYSVIEW_X_OS_TraceAPI
 .rodata._abSync
                0x0000000008003dc0        0xa Thirt Party/SEGGER/SEGGER/SEGGER_SYSVIEW.o
                0x0000000008003dcc                . = ALIGN (0x4)
 *fill*         0x0000000008003dca        0x2 

.rel.dyn        0x0000000008003dcc        0x0
 .rel.iplt      0x0000000008003dcc        0x0 d:/st/stm32cubeide_1.3.0/stm32cubeide/plugins/com.st.stm32cube.ide.mcu.externaltools.gnu-tools-for-stm32.7-2018-q2-update.win32_1.5.0.202011040924/tools/bin/../lib/gcc/arm-none-eabi/7.3.1/thumb/v7e-m/fpv4-sp/hard/crtbegin.o

.ARM.extab      0x0000000008003dcc        0x0
                0x0000000008003dcc                . = ALIGN (0x4)
 *(.ARM.extab* .gnu.linkonce.armextab.*)
                0x0000000008003dcc                . = ALIGN (0x4)

.ARM            0x0000000008003dcc        0x0
                0x0000000008003dcc                . = ALIGN (0x4)
                0x0000000008003dcc                __exidx_start = .
 *(.ARM.exidx*)
                0x0000000008003dcc                __exidx_end = .
                0x0000000008003dcc                . = ALIGN (0x4)

.preinit_array  0x0000000008003dcc        0x0
                0x0000000008003dcc                . = ALIGN (0x4)
                0x0000000008003dcc                PROVIDE (__preinit_array_start = .)
 *(.preinit_array*)
                0x0000000008003dcc                PROVIDE (__preinit_array_end = .)
                0x0000000008003dcc                . = ALIGN (0x4)

.init_array     0x0000000008003dcc        0x4
                0x0000000008003dcc                . = ALIGN (0x4)
                0x0000000008003dcc                PROVIDE (__init_array_start = .)
 *(SORT_BY_NAME(.init_array.*))
 *(.init_array*)
 .init_array    0x0000000008003dcc        0x4 d:/st/stm32cubeide_1.3.0/stm32cubeide/plugins/com.st.stm32cube.ide.mcu.externaltools.gnu-tools-for-stm32.7-2018-q2-update.win32_1.5.0.202011040924/tools/bin/../lib/gcc/arm-none-eabi/7.3.1/thumb/v7e-m/fpv4-sp/hard/crtbegin.o
                0x0000000008003dd0                PROVIDE (__init_array_end = .)
                0x0000000008003dd0                . = ALIGN (0x4)

.fini_array     0x0000000008003dd0        0x4
                0x0000000008003dd0                . = ALIGN (0x4)
                [!provide]                        PROVIDE (__fini_array_start = .)
 *(SORT_BY_NAME(.fini_array.*))
 *(.fini_array*)
 .fini_array    0x0000000008003dd0        0x4 d:/st/stm32cubeide_1.3.0/stm32cubeide/plugins/com.st.stm32cube.ide.mcu.externaltools.gnu-tools-for-stm32.7-2018-q2-update.win32_1.5.0.202011040924/tools/bin/../lib/gcc/arm-none-eabi/7.3.1/thumb/v7e-m/fpv4-sp/hard/crtbegin.o
                [!provide]                        PROVIDE (__fini_array_end = .)
                0x0000000008003dd4                . = ALIGN (0x4)
                0x0000000008003dd4                _sidata = LOADADDR (.data)

.data           0x0000000020000000       0x18 load address 0x0000000008003dd4
                0x0000000020000000                . = ALIGN (0x4)
                0x0000000020000000                _sdata = .
 *(.data)
 *(.data*)
 .data.SystemCoreClock
                0x0000000020000000        0x4 Core/Src/system_stm32f4xx.o
                0x0000000020000000                SystemCoreClock
 .data.APBAHBPrescTable
                0x0000000020000004       0x10 Drivers/StdPeriph_Driver/src/stm32f4xx_rcc.o
 .data.uxCriticalNesting
                0x0000000020000014        0x4 Thirt Party/FreeRTOS/org/Source/portable/GCC/ARM_CM4F/port.o
 *(.RamFunc)
 *(.RamFunc*)
                0x0000000020000018                . = ALIGN (0x4)
                0x0000000020000018                _edata = .

.igot.plt       0x0000000020000018        0x0 load address 0x0000000008003dec
 .igot.plt      0x0000000020000018        0x0 d:/st/stm32cubeide_1.3.0/stm32cubeide/plugins/com.st.stm32cube.ide.mcu.externaltools.gnu-tools-for-stm32.7-2018-q2-update.win32_1.5.0.202011040924/tools/bin/../lib/gcc/arm-none-eabi/7.3.1/thumb/v7e-m/fpv4-sp/hard/crtbegin.o
                0x0000000020000018                . = ALIGN (0x4)

.bss            0x0000000020000018    0x174bc load address 0x0000000008003dec
                0x0000000020000018                _sbss = .
                0x0000000020000018                __bss_start__ = _sbss
 *(.bss)
 .bss           0x0000000020000018       0x1c d:/st/stm32cubeide_1.3.0/stm32cubeide/plugins/com.st.stm32cube.ide.mcu.externaltools.gnu-tools-for-stm32.7-2018-q2-update.win32_1.5.0.202011040924/tools/bin/../lib/gcc/arm-none-eabi/7.3.1/thumb/v7e-m/fpv4-sp/hard/crtbegin.o
 *(.bss*)
 .bss.xTaskHandle1
                0x0000000020000034        0x4 Core/Src/main.o
                0x0000000020000034                xTaskHandle1
 .bss.xTaskHandle2
                0x0000000020000038        0x4 Core/Src/main.o
                0x0000000020000038                xTaskHandle2
 .bss.usr_msg   0x000000002000003c       0xfa Core/Src/main.o
                0x000000002000003c                usr_msg
 *fill*         0x0000000020000136        0x2 
 .bss.pxCurrentTCB
                0x0000000020000138        0x4 Thirt Party/FreeRTOS/org/Source/tasks.o
                0x0000000020000138                pxCurrentTCB
 .bss.pxReadyTasksLists
                0x000000002000013c       0x64 Thirt Party/FreeRTOS/org/Source/tasks.o
 .bss.xDelayedTaskList1
                0x00000000200001a0       0x14 Thirt Party/FreeRTOS/org/Source/tasks.o
 .bss.xDelayedTaskList2
                0x00000000200001b4       0x14 Thirt Party/FreeRTOS/org/Source/tasks.o
 .bss.pxDelayedTaskList
                0x00000000200001c8        0x4 Thirt Party/FreeRTOS/org/Source/tasks.o
 .bss.pxOverflowDelayedTaskList
                0x00000000200001cc        0x4 Thirt Party/FreeRTOS/org/Source/tasks.o
 .bss.xPendingReadyList
                0x00000000200001d0       0x14 Thirt Party/FreeRTOS/org/Source/tasks.o
 .bss.xTasksWaitingTermination
                0x00000000200001e4       0x14 Thirt Party/FreeRTOS/org/Source/tasks.o
 .bss.uxDeletedTasksWaitingCleanUp
                0x00000000200001f8        0x4 Thirt Party/FreeRTOS/org/Source/tasks.o
 .bss.xSuspendedTaskList
                0x00000000200001fc       0x14 Thirt Party/FreeRTOS/org/Source/tasks.o
 .bss.uxCurrentNumberOfTasks
                0x0000000020000210        0x4 Thirt Party/FreeRTOS/org/Source/tasks.o
 .bss.xTickCount
                0x0000000020000214        0x4 Thirt Party/FreeRTOS/org/Source/tasks.o
 .bss.uxTopReadyPriority
                0x0000000020000218        0x4 Thirt Party/FreeRTOS/org/Source/tasks.o
 .bss.xSchedulerRunning
                0x000000002000021c        0x4 Thirt Party/FreeRTOS/org/Source/tasks.o
 .bss.uxPendedTicks
                0x0000000020000220        0x4 Thirt Party/FreeRTOS/org/Source/tasks.o
 .bss.xYieldPending
                0x0000000020000224        0x4 Thirt Party/FreeRTOS/org/Source/tasks.o
 .bss.xNumOfOverflows
                0x0000000020000228        0x4 Thirt Party/FreeRTOS/org/Source/tasks.o
 .bss.uxTaskNumber
                0x000000002000022c        0x4 Thirt Party/FreeRTOS/org/Source/tasks.o
 .bss.xNextTaskUnblockTime
                0x0000000020000230        0x4 Thirt Party/FreeRTOS/org/Source/tasks.o
 .bss.xIdleTaskHandle
                0x0000000020000234        0x4 Thirt Party/FreeRTOS/org/Source/tasks.o
 .bss.uxSchedulerSuspended
                0x0000000020000238        0x4 Thirt Party/FreeRTOS/org/Source/tasks.o
 .bss.ucMaxSysCallPriority
                0x000000002000023c        0x1 Thirt Party/FreeRTOS/org/Source/portable/GCC/ARM_CM4F/port.o
 *fill*         0x000000002000023d        0x3 
 .bss.ulMaxPRIGROUPValue
                0x0000000020000240        0x4 Thirt Party/FreeRTOS/org/Source/portable/GCC/ARM_CM4F/port.o
 .bss.ucHeap    0x0000000020000244    0x12c00 Thirt Party/FreeRTOS/org/Source/portable/MemMang/heap_4.o
 .bss.xStart    0x0000000020012e44        0x8 Thirt Party/FreeRTOS/org/Source/portable/MemMang/heap_4.o
 .bss.pxEnd     0x0000000020012e4c        0x4 Thirt Party/FreeRTOS/org/Source/portable/MemMang/heap_4.o
 .bss.xFreeBytesRemaining
                0x0000000020012e50        0x4 Thirt Party/FreeRTOS/org/Source/portable/MemMang/heap_4.o
 .bss.xMinimumEverFreeBytesRemaining
                0x0000000020012e54        0x4 Thirt Party/FreeRTOS/org/Source/portable/MemMang/heap_4.o
 .bss.xBlockAllocatedBit
                0x0000000020012e58        0x4 Thirt Party/FreeRTOS/org/Source/portable/MemMang/heap_4.o
 .bss._aTasks   0x0000000020012e5c       0xa0 Thirt Party/SEGGER/OS/SEGGER_SYSVIEW_FreeRTOS.o
 .bss._NumTasks
                0x0000000020012efc        0x4 Thirt Party/SEGGER/OS/SEGGER_SYSVIEW_FreeRTOS.o
 .bss._acUpBuffer
                0x0000000020012f00      0x400 Thirt Party/SEGGER/SEGGER/SEGGER_RTT.o
 .bss._acDownBuffer
                0x0000000020013300       0x10 Thirt Party/SEGGER/SEGGER/SEGGER_RTT.o
 .bss._UpBuffer
                0x0000000020013310     0x4000 Thirt Party/SEGGER/SEGGER/SEGGER_SYSVIEW.o
 .bss._DownBuffer
                0x0000000020017310        0x8 Thirt Party/SEGGER/SEGGER/SEGGER_SYSVIEW.o
 .bss._SYSVIEW_Globals
                0x0000000020017318       0x28 Thirt Party/SEGGER/SEGGER/SEGGER_SYSVIEW.o
 .bss._pFirstModule
                0x0000000020017340        0x4 Thirt Party/SEGGER/SEGGER/SEGGER_SYSVIEW.o
 .bss._NumModules
                0x0000000020017344        0x1 Thirt Party/SEGGER/SEGGER/SEGGER_SYSVIEW.o
 *fill*         0x0000000020017345        0x3 
 .bss._aPacket  0x0000000020017348       0xe3 Thirt Party/SEGGER/SEGGER/SEGGER_SYSVIEW.o
 *(COMMON)
 *fill*         0x000000002001742b        0x1 
 COMMON         0x000000002001742c       0xa8 Thirt Party/SEGGER/SEGGER/SEGGER_RTT.o
                0x000000002001742c                _SEGGER_RTT
                0x00000000200174d4                . = ALIGN (0x4)
                0x00000000200174d4                _ebss = .
                0x00000000200174d4                __bss_end__ = _ebss

._user_heap_stack
                0x00000000200174d4      0x604 load address 0x0000000008003dec
                0x00000000200174d8                . = ALIGN (0x8)
 *fill*         0x00000000200174d4        0x4 
                [!provide]                        PROVIDE (end = .)
                [!provide]                        PROVIDE (_end = .)
                0x00000000200176d8                . = (. + _Min_Heap_Size)
 *fill*         0x00000000200174d8      0x200 
                0x0000000020017ad8                . = (. + _Min_Stack_Size)
 *fill*         0x00000000200176d8      0x400 
                0x0000000020017ad8                . = ALIGN (0x8)

/DISCARD/
 libc.a(*)
 libm.a(*)
 libgcc.a(*)

.ARM.attributes
                0x0000000000000000       0x30
 *(.ARM.attributes)
 .ARM.attributes
                0x0000000000000000       0x22 d:/st/stm32cubeide_1.3.0/stm32cubeide/plugins/com.st.stm32cube.ide.mcu.externaltools.gnu-tools-for-stm32.7-2018-q2-update.win32_1.5.0.202011040924/tools/bin/../lib/gcc/arm-none-eabi/7.3.1/thumb/v7e-m/fpv4-sp/hard/crti.o
 .ARM.attributes
                0x0000000000000022       0x34 d:/st/stm32cubeide_1.3.0/stm32cubeide/plugins/com.st.stm32cube.ide.mcu.externaltools.gnu-tools-for-stm32.7-2018-q2-update.win32_1.5.0.202011040924/tools/bin/../lib/gcc/arm-none-eabi/7.3.1/thumb/v7e-m/fpv4-sp/hard/crtbegin.o
 .ARM.attributes
                0x0000000000000056       0x39 Core/Src/main.o
 .ARM.attributes
                0x000000000000008f       0x39 Core/Src/system_stm32f4xx.o
 .ARM.attributes
                0x00000000000000c8       0x21 Core/Startup/startup_stm32f407vgtx.o
 .ARM.attributes
                0x00000000000000e9       0x39 Drivers/StdPeriph_Driver/src/stm32f4xx_gpio.o
 .ARM.attributes
                0x0000000000000122       0x39 Drivers/StdPeriph_Driver/src/stm32f4xx_rcc.o
 .ARM.attributes
                0x000000000000015b       0x39 Drivers/StdPeriph_Driver/src/stm32f4xx_usart.o
 .ARM.attributes
                0x0000000000000194       0x39 Thirt Party/FreeRTOS/org/Source/list.o
 .ARM.attributes
                0x00000000000001cd       0x39 Thirt Party/FreeRTOS/org/Source/tasks.o
 .ARM.attributes
                0x0000000000000206       0x39 Thirt Party/FreeRTOS/org/Source/portable/GCC/ARM_CM4F/port.o
 .ARM.attributes
                0x000000000000023f       0x39 Thirt Party/FreeRTOS/org/Source/portable/MemMang/heap_4.o
 .ARM.attributes
                0x0000000000000278       0x39 Thirt Party/SEGGER/Config/SEGGER_SYSVIEW_Config_FreeRTOS.o
 .ARM.attributes
                0x00000000000002b1       0x39 Thirt Party/SEGGER/OS/SEGGER_SYSVIEW_FreeRTOS.o
 .ARM.attributes
                0x00000000000002ea       0x39 Thirt Party/SEGGER/SEGGER/SEGGER_RTT.o
 .ARM.attributes
                0x0000000000000323       0x39 Thirt Party/SEGGER/SEGGER/SEGGER_SYSVIEW.o
 .ARM.attributes
                0x000000000000035c       0x34 d:/st/stm32cubeide_1.3.0/stm32cubeide/plugins/com.st.stm32cube.ide.mcu.externaltools.gnu-tools-for-stm32.7-2018-q2-update.win32_1.5.0.202011040924/tools/bin/../lib/gcc/arm-none-eabi/7.3.1/../../../../arm-none-eabi/lib/thumb/v7e-m/fpv4-sp/hard\libc_nano.a(lib_a-init.o)
 .ARM.attributes
                0x0000000000000390       0x34 d:/st/stm32cubeide_1.3.0/stm32cubeide/plugins/com.st.stm32cube.ide.mcu.externaltools.gnu-tools-for-stm32.7-2018-q2-update.win32_1.5.0.202011040924/tools/bin/../lib/gcc/arm-none-eabi/7.3.1/../../../../arm-none-eabi/lib/thumb/v7e-m/fpv4-sp/hard\libc_nano.a(lib_a-memcmp.o)
 .ARM.attributes
                0x00000000000003c4       0x34 d:/st/stm32cubeide_1.3.0/stm32cubeide/plugins/com.st.stm32cube.ide.mcu.externaltools.gnu-tools-for-stm32.7-2018-q2-update.win32_1.5.0.202011040924/tools/bin/../lib/gcc/arm-none-eabi/7.3.1/../../../../arm-none-eabi/lib/thumb/v7e-m/fpv4-sp/hard\libc_nano.a(lib_a-memcpy-stub.o)
 .ARM.attributes
                0x00000000000003f8       0x34 d:/st/stm32cubeide_1.3.0/stm32cubeide/plugins/com.st.stm32cube.ide.mcu.externaltools.gnu-tools-for-stm32.7-2018-q2-update.win32_1.5.0.202011040924/tools/bin/../lib/gcc/arm-none-eabi/7.3.1/../../../../arm-none-eabi/lib/thumb/v7e-m/fpv4-sp/hard\libc_nano.a(lib_a-memset.o)
 .ARM.attributes
                0x000000000000042c       0x1b d:/st/stm32cubeide_1.3.0/stm32cubeide/plugins/com.st.stm32cube.ide.mcu.externaltools.gnu-tools-for-stm32.7-2018-q2-update.win32_1.5.0.202011040924/tools/bin/../lib/gcc/arm-none-eabi/7.3.1/../../../../arm-none-eabi/lib/thumb/v7e-m/fpv4-sp/hard\libc_nano.a(lib_a-strlen.o)
 .ARM.attributes
                0x0000000000000447       0x22 d:/st/stm32cubeide_1.3.0/stm32cubeide/plugins/com.st.stm32cube.ide.mcu.externaltools.gnu-tools-for-stm32.7-2018-q2-update.win32_1.5.0.202011040924/tools/bin/../lib/gcc/arm-none-eabi/7.3.1/thumb/v7e-m/fpv4-sp/hard/crtn.o
OUTPUT(RTOS_Tasks_Delete.elf elf32-littlearm)

.debug_info     0x0000000000000000     0xd40a
 .debug_info    0x0000000000000000      0xf45 Core/Src/main.o
 .debug_info    0x0000000000000f45      0x521 Core/Src/system_stm32f4xx.o
 .debug_info    0x0000000000001466       0x22 Core/Startup/startup_stm32f407vgtx.o
 .debug_info    0x0000000000001488      0x62b Drivers/StdPeriph_Driver/src/stm32f4xx_gpio.o
 .debug_info    0x0000000000001ab3      0xe67 Drivers/StdPeriph_Driver/src/stm32f4xx_rcc.o
 .debug_info    0x000000000000291a      0x9d4 Drivers/StdPeriph_Driver/src/stm32f4xx_usart.o
 .debug_info    0x00000000000032ee      0xacb Thirt Party/FreeRTOS/org/Source/list.o
 .debug_info    0x0000000000003db9     0x2723 Thirt Party/FreeRTOS/org/Source/tasks.o
 .debug_info    0x00000000000064dc      0x533 Thirt Party/FreeRTOS/org/Source/portable/GCC/ARM_CM4F/port.o
 .debug_info    0x0000000000006a0f      0xbec Thirt Party/FreeRTOS/org/Source/portable/MemMang/heap_4.o
 .debug_info    0x00000000000075fb      0x10f Thirt Party/SEGGER/Config/SEGGER_SYSVIEW_Config_FreeRTOS.o
 .debug_info    0x000000000000770a      0xb7d Thirt Party/SEGGER/OS/SEGGER_SYSVIEW_FreeRTOS.o
 .debug_info    0x0000000000008287     0x16a9 Thirt Party/SEGGER/SEGGER/SEGGER_RTT.o
 .debug_info    0x0000000000009930     0x3ada Thirt Party/SEGGER/SEGGER/SEGGER_SYSVIEW.o

.debug_abbrev   0x0000000000000000     0x1ac8
 .debug_abbrev  0x0000000000000000      0x25c Core/Src/main.o
 .debug_abbrev  0x000000000000025c      0x122 Core/Src/system_stm32f4xx.o
 .debug_abbrev  0x000000000000037e       0x12 Core/Startup/startup_stm32f407vgtx.o
 .debug_abbrev  0x0000000000000390      0x1bf Drivers/StdPeriph_Driver/src/stm32f4xx_gpio.o
 .debug_abbrev  0x000000000000054f      0x1d4 Drivers/StdPeriph_Driver/src/stm32f4xx_rcc.o
 .debug_abbrev  0x0000000000000723      0x187 Drivers/StdPeriph_Driver/src/stm32f4xx_usart.o
 .debug_abbrev  0x00000000000008aa      0x1cf Thirt Party/FreeRTOS/org/Source/list.o
 .debug_abbrev  0x0000000000000a79      0x35f Thirt Party/FreeRTOS/org/Source/tasks.o
 .debug_abbrev  0x0000000000000dd8      0x210 Thirt Party/FreeRTOS/org/Source/portable/GCC/ARM_CM4F/port.o
 .debug_abbrev  0x0000000000000fe8      0x29e Thirt Party/FreeRTOS/org/Source/portable/MemMang/heap_4.o
 .debug_abbrev  0x0000000000001286       0xb5 Thirt Party/SEGGER/Config/SEGGER_SYSVIEW_Config_FreeRTOS.o
 .debug_abbrev  0x000000000000133b      0x1ed Thirt Party/SEGGER/OS/SEGGER_SYSVIEW_FreeRTOS.o
 .debug_abbrev  0x0000000000001528      0x2a0 Thirt Party/SEGGER/SEGGER/SEGGER_RTT.o
 .debug_abbrev  0x00000000000017c8      0x300 Thirt Party/SEGGER/SEGGER/SEGGER_SYSVIEW.o

.debug_aranges  0x0000000000000000      0xad0
 .debug_aranges
                0x0000000000000000       0x58 Core/Src/main.o
 .debug_aranges
                0x0000000000000058       0x28 Core/Src/system_stm32f4xx.o
 .debug_aranges
                0x0000000000000080       0x28 Core/Startup/startup_stm32f407vgtx.o
 .debug_aranges
                0x00000000000000a8       0x88 Drivers/StdPeriph_Driver/src/stm32f4xx_gpio.o
 .debug_aranges
                0x0000000000000130      0x1c0 Drivers/StdPeriph_Driver/src/stm32f4xx_rcc.o
 .debug_aranges
                0x00000000000002f0      0x100 Drivers/StdPeriph_Driver/src/stm32f4xx_usart.o
 .debug_aranges
                0x00000000000003f0       0x40 Thirt Party/FreeRTOS/org/Source/list.o
 .debug_aranges
                0x0000000000000430      0x1e8 Thirt Party/FreeRTOS/org/Source/tasks.o
 .debug_aranges
                0x0000000000000618       0x80 Thirt Party/FreeRTOS/org/Source/portable/GCC/ARM_CM4F/port.o
 .debug_aranges
                0x0000000000000698       0x50 Thirt Party/FreeRTOS/org/Source/portable/MemMang/heap_4.o
 .debug_aranges
                0x00000000000006e8       0x28 Thirt Party/SEGGER/Config/SEGGER_SYSVIEW_Config_FreeRTOS.o
 .debug_aranges
                0x0000000000000710       0x48 Thirt Party/SEGGER/OS/SEGGER_SYSVIEW_FreeRTOS.o
 .debug_aranges
                0x0000000000000758      0x110 Thirt Party/SEGGER/SEGGER/SEGGER_RTT.o
 .debug_aranges
                0x0000000000000868      0x268 Thirt Party/SEGGER/SEGGER/SEGGER_SYSVIEW.o

.debug_ranges   0x0000000000000000      0x9f8
 .debug_ranges  0x0000000000000000       0x48 Core/Src/main.o
 .debug_ranges  0x0000000000000048       0x18 Core/Src/system_stm32f4xx.o
 .debug_ranges  0x0000000000000060       0x20 Core/Startup/startup_stm32f407vgtx.o
 .debug_ranges  0x0000000000000080       0x78 Drivers/StdPeriph_Driver/src/stm32f4xx_gpio.o
 .debug_ranges  0x00000000000000f8      0x1b0 Drivers/StdPeriph_Driver/src/stm32f4xx_rcc.o
 .debug_ranges  0x00000000000002a8       0xf0 Drivers/StdPeriph_Driver/src/stm32f4xx_usart.o
 .debug_ranges  0x0000000000000398       0x30 Thirt Party/FreeRTOS/org/Source/list.o
 .debug_ranges  0x00000000000003c8      0x1d8 Thirt Party/FreeRTOS/org/Source/tasks.o
 .debug_ranges  0x00000000000005a0       0x70 Thirt Party/FreeRTOS/org/Source/portable/GCC/ARM_CM4F/port.o
 .debug_ranges  0x0000000000000610       0x40 Thirt Party/FreeRTOS/org/Source/portable/MemMang/heap_4.o
 .debug_ranges  0x0000000000000650       0x18 Thirt Party/SEGGER/Config/SEGGER_SYSVIEW_Config_FreeRTOS.o
 .debug_ranges  0x0000000000000668       0x38 Thirt Party/SEGGER/OS/SEGGER_SYSVIEW_FreeRTOS.o
 .debug_ranges  0x00000000000006a0      0x100 Thirt Party/SEGGER/SEGGER/SEGGER_RTT.o
 .debug_ranges  0x00000000000007a0      0x258 Thirt Party/SEGGER/SEGGER/SEGGER_SYSVIEW.o

.debug_macro    0x0000000000000000    0x12d18
 .debug_macro   0x0000000000000000      0x3ee Core/Src/main.o
 .debug_macro   0x00000000000003ee      0xa6c Core/Src/main.o
 .debug_macro   0x0000000000000e5a       0x22 Core/Src/main.o
 .debug_macro   0x0000000000000e7c       0x40 Core/Src/main.o
 .debug_macro   0x0000000000000ebc       0x18 Core/Src/main.o
 .debug_macro   0x0000000000000ed4       0x94 Core/Src/main.o
 .debug_macro   0x0000000000000f68       0x3c Core/Src/main.o
 .debug_macro   0x0000000000000fa4       0x34 Core/Src/main.o
 .debug_macro   0x0000000000000fd8       0x16 Core/Src/main.o
 .debug_macro   0x0000000000000fee       0x57 Core/Src/main.o
 .debug_macro   0x0000000000001045       0x97 Core/Src/main.o
 .debug_macro   0x00000000000010dc      0x330 Core/Src/main.o
 .debug_macro   0x000000000000140c       0xfd Core/Src/main.o
 .debug_macro   0x0000000000001509       0x10 Core/Src/main.o
 .debug_macro   0x0000000000001519       0x52 Core/Src/main.o
 .debug_macro   0x000000000000156b       0x1f Core/Src/main.o
 .debug_macro   0x000000000000158a       0x43 Core/Src/main.o
 .debug_macro   0x00000000000015cd       0x20 Core/Src/main.o
 .debug_macro   0x00000000000015ed      0x1a3 Core/Src/main.o
 .debug_macro   0x0000000000001790       0x10 Core/Src/main.o
 .debug_macro   0x00000000000017a0       0x6a Core/Src/main.o
 .debug_macro   0x000000000000180a       0x1c Core/Src/main.o
 .debug_macro   0x0000000000001826       0x52 Core/Src/main.o
 .debug_macro   0x0000000000001878       0x40 Core/Src/main.o
 .debug_macro   0x00000000000018b8       0x10 Core/Src/main.o
 .debug_macro   0x00000000000018c8       0x40 Core/Src/main.o
 .debug_macro   0x0000000000001908       0xd7 Core/Src/main.o
 .debug_macro   0x00000000000019df       0x1c Core/Src/main.o
 .debug_macro   0x00000000000019fb       0x3d Core/Src/main.o
 .debug_macro   0x0000000000001a38       0x16 Core/Src/main.o
 .debug_macro   0x0000000000001a4e      0x145 Core/Src/main.o
 .debug_macro   0x0000000000001b93       0xef Core/Src/main.o
 .debug_macro   0x0000000000001c82      0x1df Core/Src/main.o
 .debug_macro   0x0000000000001e61       0x16 Core/Src/main.o
 .debug_macro   0x0000000000001e77       0x35 Core/Src/main.o
 .debug_macro   0x0000000000001eac       0x20 Core/Src/main.o
 .debug_macro   0x0000000000001ecc       0x65 Core/Src/main.o
 .debug_macro   0x0000000000001f31       0x3b Core/Src/main.o
 .debug_macro   0x0000000000001f6c       0x34 Core/Src/main.o
 .debug_macro   0x0000000000001fa0       0x26 Core/Src/main.o
 .debug_macro   0x0000000000001fc6      0xe43 Core/Src/main.o
 .debug_macro   0x0000000000002e09     0x91ad Core/Src/main.o
 .debug_macro   0x000000000000bfb6      0x44f Core/Src/main.o
 .debug_macro   0x000000000000c405       0xb2 Core/Src/main.o
 .debug_macro   0x000000000000c4b7      0x477 Core/Src/main.o
 .debug_macro   0x000000000000c92e       0xb5 Core/Src/main.o
 .debug_macro   0x000000000000c9e3      0x41c Core/Src/main.o
 .debug_macro   0x000000000000cdff      0x2fb Core/Src/main.o
 .debug_macro   0x000000000000d0fa      0x2ba Core/Src/main.o
 .debug_macro   0x000000000000d3b4       0x64 Core/Src/main.o
 .debug_macro   0x000000000000d418       0xee Core/Src/main.o
 .debug_macro   0x000000000000d506      0x65f Core/Src/main.o
 .debug_macro   0x000000000000db65      0x59e Core/Src/main.o
 .debug_macro   0x000000000000e103      0x342 Core/Src/main.o
 .debug_macro   0x000000000000e445      0x36c Core/Src/main.o
 .debug_macro   0x000000000000e7b1      0x114 Core/Src/main.o
 .debug_macro   0x000000000000e8c5      0x73b Core/Src/main.o
 .debug_macro   0x000000000000f000      0x223 Core/Src/main.o
 .debug_macro   0x000000000000f223       0x34 Core/Src/main.o
 .debug_macro   0x000000000000f257       0x82 Core/Src/main.o
 .debug_macro   0x000000000000f2d9      0x144 Core/Src/main.o
 .debug_macro   0x000000000000f41d       0xc3 Core/Src/main.o
 .debug_macro   0x000000000000f4e0       0x40 Core/Src/main.o
 .debug_macro   0x000000000000f520      0x3cf Core/Src/main.o
 .debug_macro   0x000000000000f8ef      0x188 Core/Src/main.o
 .debug_macro   0x000000000000fa77      0x149 Core/Src/main.o
 .debug_macro   0x000000000000fbc0      0x279 Core/Src/main.o
 .debug_macro   0x000000000000fe39       0x35 Core/Src/main.o
 .debug_macro   0x000000000000fe6e      0x112 Core/Src/main.o
 .debug_macro   0x000000000000ff80       0x4c Core/Src/main.o
 .debug_macro   0x000000000000ffcc       0x40 Core/Src/main.o
 .debug_macro   0x000000000001000c       0x4c Core/Src/main.o
 .debug_macro   0x0000000000010058      0x1cd Core/Src/main.o
 .debug_macro   0x0000000000010225      0x45a Core/Src/main.o
 .debug_macro   0x000000000001067f      0x15a Core/Src/main.o
 .debug_macro   0x00000000000107d9       0xdd Core/Src/main.o
 .debug_macro   0x00000000000108b6       0x10 Core/Src/main.o
 .debug_macro   0x00000000000108c6       0x1f Core/Src/main.o
 .debug_macro   0x00000000000108e5      0x375 Core/Src/main.o
 .debug_macro   0x0000000000010c5a       0xb5 Core/Src/main.o
 .debug_macro   0x0000000000010d0f       0x8c Core/Src/main.o
 .debug_macro   0x0000000000010d9b      0x1bc Core/Src/system_stm32f4xx.o
 .debug_macro   0x0000000000010f57       0x8e Core/Src/system_stm32f4xx.o
 .debug_macro   0x0000000000010fe5       0x51 Core/Src/system_stm32f4xx.o
 .debug_macro   0x0000000000011036      0x1c0 Drivers/StdPeriph_Driver/src/stm32f4xx_gpio.o
 .debug_macro   0x00000000000111f6      0x2f5 Drivers/StdPeriph_Driver/src/stm32f4xx_gpio.o
 .debug_macro   0x00000000000114eb      0x293 Drivers/StdPeriph_Driver/src/stm32f4xx_rcc.o
 .debug_macro   0x000000000001177e      0x1d8 Drivers/StdPeriph_Driver/src/stm32f4xx_usart.o
 .debug_macro   0x0000000000011956      0x21d Drivers/StdPeriph_Driver/src/stm32f4xx_usart.o
 .debug_macro   0x0000000000011b73      0x1ba Thirt Party/FreeRTOS/org/Source/list.o
 .debug_macro   0x0000000000011d2d      0x2ba Thirt Party/FreeRTOS/org/Source/tasks.o
 .debug_macro   0x0000000000011fe7       0x10 Thirt Party/FreeRTOS/org/Source/tasks.o
 .debug_macro   0x0000000000011ff7      0x1d6 Thirt Party/FreeRTOS/org/Source/portable/GCC/ARM_CM4F/port.o
 .debug_macro   0x00000000000121cd      0x1e1 Thirt Party/FreeRTOS/org/Source/portable/MemMang/heap_4.o
 .debug_macro   0x00000000000123ae      0x116 Thirt Party/SEGGER/Config/SEGGER_SYSVIEW_Config_FreeRTOS.o
 .debug_macro   0x00000000000124c4      0x1d5 Thirt Party/SEGGER/OS/SEGGER_SYSVIEW_FreeRTOS.o
 .debug_macro   0x0000000000012699      0x169 Thirt Party/SEGGER/SEGGER/SEGGER_RTT.o
 .debug_macro   0x0000000000012802       0x4f Thirt Party/SEGGER/SEGGER/SEGGER_RTT.o
 .debug_macro   0x0000000000012851      0x115 Thirt Party/SEGGER/SEGGER/SEGGER_RTT.o
 .debug_macro   0x0000000000012966      0x1fd Thirt Party/SEGGER/SEGGER/SEGGER_SYSVIEW.o
 .debug_macro   0x0000000000012b63       0x65 Thirt Party/SEGGER/SEGGER/SEGGER_SYSVIEW.o
 .debug_macro   0x0000000000012bc8       0x35 Thirt Party/SEGGER/SEGGER/SEGGER_SYSVIEW.o
 .debug_macro   0x0000000000012bfd      0x11b Thirt Party/SEGGER/SEGGER/SEGGER_SYSVIEW.o

.debug_line     0x0000000000000000     0x94c0
 .debug_line    0x0000000000000000      0xd2c Core/Src/main.o
 .debug_line    0x0000000000000d2c      0x726 Core/Src/system_stm32f4xx.o
 .debug_line    0x0000000000001452       0x85 Core/Startup/startup_stm32f407vgtx.o
 .debug_line    0x00000000000014d7      0x88e Drivers/StdPeriph_Driver/src/stm32f4xx_gpio.o
 .debug_line    0x0000000000001d65      0xb82 Drivers/StdPeriph_Driver/src/stm32f4xx_rcc.o
 .debug_line    0x00000000000028e7      0x9d4 Drivers/StdPeriph_Driver/src/stm32f4xx_usart.o
 .debug_line    0x00000000000032bb      0x898 Thirt Party/FreeRTOS/org/Source/list.o
 .debug_line    0x0000000000003b53     0x1541 Thirt Party/FreeRTOS/org/Source/tasks.o
 .debug_line    0x0000000000005094      0x914 Thirt Party/FreeRTOS/org/Source/portable/GCC/ARM_CM4F/port.o
 .debug_line    0x00000000000059a8      0x97e Thirt Party/FreeRTOS/org/Source/portable/MemMang/heap_4.o
 .debug_line    0x0000000000006326      0x6fe Thirt Party/SEGGER/Config/SEGGER_SYSVIEW_Config_FreeRTOS.o
 .debug_line    0x0000000000006a24      0x929 Thirt Party/SEGGER/OS/SEGGER_SYSVIEW_FreeRTOS.o
 .debug_line    0x000000000000734d      0x950 Thirt Party/SEGGER/SEGGER/SEGGER_RTT.o
 .debug_line    0x0000000000007c9d     0x1823 Thirt Party/SEGGER/SEGGER/SEGGER_SYSVIEW.o

.debug_str      0x0000000000000000    0x719cc
 .debug_str     0x0000000000000000    0x6b78a Core/Src/main.o
                                      0x6babc (size before relaxing)
 .debug_str     0x000000000006b78a      0x1a8 Core/Src/system_stm32f4xx.o
                                      0x602c9 (size before relaxing)
 .debug_str     0x000000000006b932       0x36 Core/Startup/startup_stm32f407vgtx.o
                                         0x84 (size before relaxing)
 .debug_str     0x000000000006b968      0x194 Drivers/StdPeriph_Driver/src/stm32f4xx_gpio.o
                                      0x60401 (size before relaxing)
 .debug_str     0x000000000006bafc      0xc88 Drivers/StdPeriph_Driver/src/stm32f4xx_rcc.o
                                      0x60f0e (size before relaxing)
 .debug_str     0x000000000006c784      0x4bc Drivers/StdPeriph_Driver/src/stm32f4xx_usart.o
                                      0x60714 (size before relaxing)
 .debug_str     0x000000000006cc40      0x23e Thirt Party/FreeRTOS/org/Source/list.o
                                       0xdc65 (size before relaxing)
 .debug_str     0x000000000006ce7e     0x1dc8 Thirt Party/FreeRTOS/org/Source/tasks.o
                                      0x100a6 (size before relaxing)
 .debug_str     0x000000000006ec46      0x7fb Thirt Party/FreeRTOS/org/Source/portable/GCC/ARM_CM4F/port.o
                                       0xb95e (size before relaxing)
 .debug_str     0x000000000006f441      0x252 Thirt Party/FreeRTOS/org/Source/portable/MemMang/heap_4.o
                                       0xe388 (size before relaxing)
 .debug_str     0x000000000006f693      0x177 Thirt Party/SEGGER/Config/SEGGER_SYSVIEW_Config_FreeRTOS.o
                                       0xa4b4 (size before relaxing)
 .debug_str     0x000000000006f80a       0xfb Thirt Party/SEGGER/OS/SEGGER_SYSVIEW_FreeRTOS.o
                                       0xe1d8 (size before relaxing)
 .debug_str     0x000000000006f905      0xdca Thirt Party/SEGGER/SEGGER/SEGGER_RTT.o
                                       0x7204 (size before relaxing)
 .debug_str     0x00000000000706cf     0x12fd Thirt Party/SEGGER/SEGGER/SEGGER_SYSVIEW.o
                                       0x91ab (size before relaxing)

.comment        0x0000000000000000       0x7b
 .comment       0x0000000000000000       0x7b Core/Src/main.o
                                         0x7c (size before relaxing)
 .comment       0x000000000000007b       0x7c Core/Src/system_stm32f4xx.o
 .comment       0x000000000000007b       0x7c Drivers/StdPeriph_Driver/src/stm32f4xx_gpio.o
 .comment       0x000000000000007b       0x7c Drivers/StdPeriph_Driver/src/stm32f4xx_rcc.o
 .comment       0x000000000000007b       0x7c Drivers/StdPeriph_Driver/src/stm32f4xx_usart.o
 .comment       0x000000000000007b       0x7c Thirt Party/FreeRTOS/org/Source/list.o
 .comment       0x000000000000007b       0x7c Thirt Party/FreeRTOS/org/Source/tasks.o
 .comment       0x000000000000007b       0x7c Thirt Party/FreeRTOS/org/Source/portable/GCC/ARM_CM4F/port.o
 .comment       0x000000000000007b       0x7c Thirt Party/FreeRTOS/org/Source/portable/MemMang/heap_4.o
 .comment       0x000000000000007b       0x7c Thirt Party/SEGGER/Config/SEGGER_SYSVIEW_Config_FreeRTOS.o
 .comment       0x000000000000007b       0x7c Thirt Party/SEGGER/OS/SEGGER_SYSVIEW_FreeRTOS.o
 .comment       0x000000000000007b       0x7c Thirt Party/SEGGER/SEGGER/SEGGER_RTT.o
 .comment       0x000000000000007b       0x7c Thirt Party/SEGGER/SEGGER/SEGGER_SYSVIEW.o

.debug_frame    0x0000000000000000     0x2e3c
 .debug_frame   0x0000000000000000      0x128 Core/Src/main.o
 .debug_frame   0x0000000000000128       0x58 Core/Src/system_stm32f4xx.o
 .debug_frame   0x0000000000000180      0x23c Drivers/StdPeriph_Driver/src/stm32f4xx_gpio.o
 .debug_frame   0x00000000000003bc      0x83c Drivers/StdPeriph_Driver/src/stm32f4xx_rcc.o
 .debug_frame   0x0000000000000bf8      0x490 Drivers/StdPeriph_Driver/src/stm32f4xx_usart.o
 .debug_frame   0x0000000000001088       0xd8 Thirt Party/FreeRTOS/org/Source/list.o
 .debug_frame   0x0000000000001160      0x870 Thirt Party/FreeRTOS/org/Source/tasks.o
 .debug_frame   0x00000000000019d0      0x1a8 Thirt Party/FreeRTOS/org/Source/portable/GCC/ARM_CM4F/port.o
 .debug_frame   0x0000000000001b78      0x108 Thirt Party/FreeRTOS/org/Source/portable/MemMang/heap_4.o
 .debug_frame   0x0000000000001c80       0x48 Thirt Party/SEGGER/Config/SEGGER_SYSVIEW_Config_FreeRTOS.o
 .debug_frame   0x0000000000001cc8      0x100 Thirt Party/SEGGER/OS/SEGGER_SYSVIEW_FreeRTOS.o
 .debug_frame   0x0000000000001dc8      0x478 Thirt Party/SEGGER/SEGGER/SEGGER_RTT.o
 .debug_frame   0x0000000000002240      0xb5c Thirt Party/SEGGER/SEGGER/SEGGER_SYSVIEW.o
 .debug_frame   0x0000000000002d9c       0x2c d:/st/stm32cubeide_1.3.0/stm32cubeide/plugins/com.st.stm32cube.ide.mcu.externaltools.gnu-tools-for-stm32.7-2018-q2-update.win32_1.5.0.202011040924/tools/bin/../lib/gcc/arm-none-eabi/7.3.1/../../../../arm-none-eabi/lib/thumb/v7e-m/fpv4-sp/hard\libc_nano.a(lib_a-init.o)
 .debug_frame   0x0000000000002dc8       0x2c d:/st/stm32cubeide_1.3.0/stm32cubeide/plugins/com.st.stm32cube.ide.mcu.externaltools.gnu-tools-for-stm32.7-2018-q2-update.win32_1.5.0.202011040924/tools/bin/../lib/gcc/arm-none-eabi/7.3.1/../../../../arm-none-eabi/lib/thumb/v7e-m/fpv4-sp/hard\libc_nano.a(lib_a-memcmp.o)
 .debug_frame   0x0000000000002df4       0x28 d:/st/stm32cubeide_1.3.0/stm32cubeide/plugins/com.st.stm32cube.ide.mcu.externaltools.gnu-tools-for-stm32.7-2018-q2-update.win32_1.5.0.202011040924/tools/bin/../lib/gcc/arm-none-eabi/7.3.1/../../../../arm-none-eabi/lib/thumb/v7e-m/fpv4-sp/hard\libc_nano.a(lib_a-memcpy-stub.o)
 .debug_frame   0x0000000000002e1c       0x20 d:/st/stm32cubeide_1.3.0/stm32cubeide/plugins/com.st.stm32cube.ide.mcu.externaltools.gnu-tools-for-stm32.7-2018-q2-update.win32_1.5.0.202011040924/tools/bin/../lib/gcc/arm-none-eabi/7.3.1/../../../../arm-none-eabi/lib/thumb/v7e-m/fpv4-sp/hard\libc_nano.a(lib_a-memset.o)
